#-----------------------------------------------------------
# Vivado v2018.3 (64-bit)
# SW Build 2405991 on Thu Dec  6 23:38:27 MST 2018
# IP Build 2404404 on Fri Dec  7 01:43:56 MST 2018
# Start of session at: Tue Jul 16 00:27:08 2019
# Process ID: 9808
# Current directory: C:/Users/bry_0/Desktop/mips32-cpu
# Command line: vivado.exe -gui_launcher_event rodinguilauncherevent4576 C:\Users\bry_0\Desktop\mips32-cpu\thinpad_top.xpr
# Log file: C:/Users/bry_0/Desktop/mips32-cpu/vivado.log
# Journal file: C:/Users/bry_0/Desktop/mips32-cpu\vivado.jou
#-----------------------------------------------------------
start_gui
open_project C:/Users/bry_0/Desktop/mips32-cpu/thinpad_top.xpr
report_ip_status -name ip_status 
update_compile_order -fileset sources_1
update_compile_order -fileset sim_1
report_ip_status -name ip_status 
upgrade_ip -srcset gram [get_ips  {gram pll_example}] -log ip_upgrade.log
export_ip_user_files -of_objects [get_ips {gram pll_example}] -no_script -sync -force -quiet
update_compile_order -fileset sources_1
report_ip_status -name ip_status 
